\BOOKMARK [0][-]{section*.1}{\376\377\144\130\211\201\000\040}{}% 1
\BOOKMARK [0][-]{section*.2}{\376\377\000A\000b\000s\000t\000r\000a\000c\000t\000\040}{}% 2
\BOOKMARK [0][-]{section*.3}{\376\377\000L\000i\000s\000t\000\040\000o\000f\000\040\000F\000i\000g\000u\000r\000e\000s\000\040}{}% 3
\BOOKMARK [0][-]{section*.4}{\376\377\000L\000i\000s\000t\000\040\000o\000f\000\040\000T\000a\000b\000l\000e\000s\000\040}{}% 4
\BOOKMARK [0][-]{section*.5}{\376\377\000L\000i\000s\000t\000\040\000o\000f\000\040\000A\000b\000b\000r\000e\000v\000i\000a\000t\000i\000o\000n\000s\000\040}{}% 5
\BOOKMARK [0][-]{chapter.1}{\376\377\000C\000h\000a\000p\000t\000e\000r\000\040\0001\000\040\000I\000n\000t\000r\000o\000d\000u\000c\000t\000i\000o\000n}{}% 6
\BOOKMARK [1][-]{section.1.1}{\376\377\0001\000.\0001\000\040\000B\000a\000c\000k\000g\000r\000o\000u\000n\000d\000\040\000o\000f\000\040\000t\000h\000e\000\040\000S\000t\000u\000d\000y}{chapter.1}% 7
\BOOKMARK [2][-]{subsection.1.1.1}{\376\377\0001\000.\0001\000.\0001\000\040\000G\000l\000o\000b\000a\000l\000\040\000C\000o\000n\000t\000e\000x\000t\000:\000\040\000D\000i\000g\000i\000t\000a\000l\000\040\000T\000r\000a\000n\000s\000f\000o\000r\000m\000a\000t\000i\000o\000n\000\040\000i\000n\000\040\000I\000n\000d\000u\000s\000t\000r\000i\000a\000l\000\040\000P\000a\000r\000k\000s}{section.1.1}% 8
\BOOKMARK [2][-]{subsection.1.1.2}{\376\377\0001\000.\0001\000.\0002\000\040\000E\000t\000h\000i\000o\000p\000i\000a\000n\000\040\000C\000o\000n\000t\000e\000x\000t\000:\000\040\000I\000n\000d\000u\000s\000t\000r\000i\000a\000l\000\040\000P\000a\000r\000k\000s\000\040\000a\000n\000d\000\040\000D\000i\000g\000i\000t\000a\000l\000\040\000T\000r\000a\000n\000s\000f\000o\000r\000m\000a\000t\000i\000o\000n}{section.1.1}% 9
\BOOKMARK [2][-]{subsection.1.1.3}{\376\377\0001\000.\0001\000.\0003\000\040\000T\000h\000e\000\040\000C\000o\000n\000n\000e\000c\000t\000i\000v\000i\000t\000y\000\040\000C\000h\000a\000l\000l\000e\000n\000g\000e\000:\000\040\000I\000n\000f\000r\000a\000s\000t\000r\000u\000c\000t\000u\000r\000e\000\040\000C\000o\000n\000s\000t\000r\000a\000i\000n\000t\000s}{section.1.1}% 10
\BOOKMARK [2][-]{subsection.1.1.4}{\376\377\0001\000.\0001\000.\0004\000\040\000T\000h\000e\000\040\000O\000f\000f\000l\000i\000n\000e\000-\000F\000i\000r\000s\000t\000\040\000P\000a\000r\000a\000d\000i\000g\000m\000:\000\040\000A\000\040\000S\000o\000l\000u\000t\000i\000o\000n\000\040\000F\000r\000a\000m\000e\000w\000o\000r\000k}{section.1.1}% 11
\BOOKMARK [1][-]{section.1.2}{\376\377\0001\000.\0002\000\040\000S\000t\000a\000t\000e\000m\000e\000n\000t\000\040\000o\000f\000\040\000t\000h\000e\000\040\000P\000r\000o\000b\000l\000e\000m}{chapter.1}% 12
\BOOKMARK [1][-]{section.1.3}{\376\377\0001\000.\0003\000\040\000M\000o\000t\000i\000v\000a\000t\000i\000o\000n\000s}{chapter.1}% 13
\BOOKMARK [1][-]{section.1.4}{\376\377\0001\000.\0004\000\040\000R\000e\000s\000e\000a\000r\000c\000h\000\040\000Q\000u\000e\000s\000t\000i\000o\000n\000s}{chapter.1}% 14
\BOOKMARK [1][-]{section.1.5}{\376\377\0001\000.\0005\000\040\000R\000e\000s\000e\000a\000r\000c\000h\000\040\000O\000b\000j\000e\000c\000t\000i\000v\000e\000s}{chapter.1}% 15
\BOOKMARK [2][-]{subsection.1.5.1}{\376\377\0001\000.\0005\000.\0001\000\040\000G\000e\000n\000e\000r\000a\000l\000\040\000O\000b\000j\000e\000c\000t\000i\000v\000e}{section.1.5}% 16
\BOOKMARK [2][-]{subsection.1.5.2}{\376\377\0001\000.\0005\000.\0002\000\040\000S\000p\000e\000c\000i\000f\000i\000c\000\040\000O\000b\000j\000e\000c\000t\000i\000v\000e\000s}{section.1.5}% 17
\BOOKMARK [1][-]{section.1.6}{\376\377\0001\000.\0006\000\040\000S\000i\000g\000n\000i\000f\000i\000c\000a\000n\000c\000e\000\040\000o\000f\000\040\000t\000h\000e\000\040\000S\000t\000u\000d\000y}{chapter.1}% 18
\BOOKMARK [1][-]{section.1.7}{\376\377\0001\000.\0007\000\040\000S\000c\000o\000p\000e\000\040\000a\000n\000d\000\040\000L\000i\000m\000i\000t\000a\000t\000i\000o\000n\000s}{chapter.1}% 19
\BOOKMARK [2][-]{subsection.1.7.1}{\376\377\0001\000.\0007\000.\0001\000\040\000S\000c\000o\000p\000e\000\040\000o\000f\000\040\000t\000h\000e\000\040\000R\000e\000s\000e\000a\000r\000c\000h}{section.1.7}% 20
\BOOKMARK [2][-]{subsection.1.7.2}{\376\377\0001\000.\0007\000.\0002\000\040\000L\000i\000m\000i\000t\000a\000t\000i\000o\000n\000s}{section.1.7}% 21
\BOOKMARK [1][-]{section.1.8}{\376\377\0001\000.\0008\000\040\000T\000h\000e\000o\000r\000e\000t\000i\000c\000a\000l\000\040\000F\000r\000a\000m\000e\000w\000o\000r\000k}{chapter.1}% 22
\BOOKMARK [2][-]{subsection.1.8.1}{\376\377\0001\000.\0008\000.\0001\000\040\000D\000e\000s\000i\000g\000n\000\040\000S\000c\000i\000e\000n\000c\000e\000\040\000R\000e\000s\000e\000a\000r\000c\000h\000\040\000\050\000D\000S\000R\000\051}{section.1.8}% 23
\BOOKMARK [2][-]{subsection.1.8.2}{\376\377\0001\000.\0008\000.\0002\000\040\000A\000p\000p\000r\000o\000p\000r\000i\000a\000t\000e\000\040\000T\000e\000c\000h\000n\000o\000l\000o\000g\000y\000\040\000T\000h\000e\000o\000r\000y}{section.1.8}% 24
\BOOKMARK [2][-]{subsection.1.8.3}{\376\377\0001\000.\0008\000.\0003\000\040\000L\000o\000c\000a\000l\000-\000F\000i\000r\000s\000t\000\040\000S\000o\000f\000t\000w\000a\000r\000e\000\040\000P\000r\000i\000n\000c\000i\000p\000l\000e\000s}{section.1.8}% 25
\BOOKMARK [2][-]{subsection.1.8.4}{\376\377\0001\000.\0008\000.\0004\000\040\000T\000e\000c\000h\000n\000o\000l\000o\000g\000y\000\040\000T\000r\000a\000n\000s\000f\000e\000r\000\040\000F\000r\000a\000m\000e\000w\000o\000r\000k}{section.1.8}% 26
\BOOKMARK [1][-]{section.1.9}{\376\377\0001\000.\0009\000\040\000D\000e\000f\000i\000n\000i\000t\000i\000o\000n\000\040\000o\000f\000\040\000K\000e\000y\000\040\000T\000e\000r\000m\000s}{chapter.1}% 27
\BOOKMARK [1][-]{section.1.10}{\376\377\0001\000.\0001\0000\000\040\000T\000h\000e\000s\000i\000s\000\040\000O\000r\000g\000a\000n\000i\000z\000a\000t\000i\000o\000n}{chapter.1}% 28
\BOOKMARK [0][-]{chapter.2}{\376\377\000C\000h\000a\000p\000t\000e\000r\000\040\0002\000\040\000L\000i\000t\000e\000r\000a\000t\000u\000r\000e\000\040\000R\000e\000v\000i\000e\000w}{}% 29
\BOOKMARK [1][-]{section.2.1}{\376\377\0002\000.\0001\000\040\000I\000n\000t\000r\000o\000d\000u\000c\000t\000i\000o\000n}{chapter.2}% 30
\BOOKMARK [1][-]{section.2.2}{\376\377\0002\000.\0002\000\040\000C\000h\000i\000n\000e\000s\000e\000\040\000S\000m\000a\000r\000t\000\040\000P\000a\000r\000k\000\040\000D\000i\000g\000i\000t\000a\000l\000\040\000E\000c\000o\000s\000y\000s\000t\000e\000m\000s}{chapter.2}% 31
\BOOKMARK [2][-]{subsection.2.2.1}{\376\377\0002\000.\0002\000.\0001\000\040\000E\000v\000o\000l\000u\000t\000i\000o\000n\000\040\000o\000f\000\040\000S\000m\000a\000r\000t\000\040\000I\000n\000d\000u\000s\000t\000r\000i\000a\000l\000\040\000P\000a\000r\000k\000s\000\040\000i\000n\000\040\000C\000h\000i\000n\000a}{section.2.2}% 32
\BOOKMARK [2][-]{subsection.2.2.2}{\376\377\0002\000.\0002\000.\0002\000\040\000D\000i\000g\000i\000t\000a\000l\000\040\000O\000n\000e\000-\000S\000t\000o\000p\000\040\000S\000e\000r\000v\000i\000c\000e\000\040\000P\000l\000a\000t\000f\000o\000r\000m\000s}{section.2.2}% 33
\BOOKMARK [2][-]{subsection.2.2.3}{\376\377\0002\000.\0002\000.\0003\000\040\000P\000a\000r\000k\000\040\000I\000n\000n\000o\000v\000a\000t\000i\000o\000n\000\040\000M\000a\000n\000a\000g\000e\000m\000e\000n\000t\000\040\000F\000r\000a\000m\000e\000w\000o\000r\000k}{section.2.2}% 34
\BOOKMARK [2][-]{subsection.2.2.4}{\376\377\0002\000.\0002\000.\0004\000\040\000S\000u\000z\000h\000o\000u\000\040\000I\000n\000d\000u\000s\000t\000r\000i\000a\000l\000\040\000P\000a\000r\000k\000\040\000C\000a\000s\000e\000\040\000S\000t\000u\000d\000y}{section.2.2}% 35
\BOOKMARK [1][-]{section.2.3}{\376\377\0002\000.\0003\000\040\000B\000e\000l\000t\000\040\000a\000n\000d\000\040\000R\000o\000a\000d\000\040\000I\000n\000i\000t\000i\000a\000t\000i\000v\000e\000\040\000a\000n\000d\000\040\000D\000i\000g\000i\000t\000a\000l\000\040\000S\000i\000l\000k\000\040\000R\000o\000a\000d}{chapter.2}% 36
\BOOKMARK [2][-]{subsection.2.3.1}{\376\377\0002\000.\0003\000.\0001\000\040\000C\000h\000i\000n\000a\000-\000A\000f\000r\000i\000c\000a\000\040\000T\000e\000c\000h\000n\000o\000l\000o\000g\000y\000\040\000T\000r\000a\000n\000s\000f\000e\000r\000\040\000C\000o\000n\000t\000e\000x\000t}{section.2.3}% 37
\BOOKMARK [2][-]{subsection.2.3.2}{\376\377\0002\000.\0003\000.\0002\000\040\000T\000e\000c\000h\000n\000o\000l\000o\000g\000y\000\040\000A\000d\000a\000p\000t\000a\000t\000i\000o\000n\000\040\000i\000n\000\040\000S\000o\000u\000t\000h\000-\000S\000o\000u\000t\000h\000\040\000T\000r\000a\000n\000s\000f\000e\000r}{section.2.3}% 38
\BOOKMARK [1][-]{section.2.4}{\376\377\0002\000.\0004\000\040\000D\000i\000g\000i\000t\000a\000l\000\040\000G\000o\000v\000e\000r\000n\000a\000n\000c\000e\000\040\000i\000n\000\040\000D\000e\000v\000e\000l\000o\000p\000i\000n\000g\000\040\000C\000o\000u\000n\000t\000r\000i\000e\000s}{chapter.2}% 39
\BOOKMARK [2][-]{subsection.2.4.1}{\376\377\0002\000.\0004\000.\0001\000\040\000E\000-\000G\000o\000v\000e\000r\000n\000m\000e\000n\000t\000\040\000E\000v\000o\000l\000u\000t\000i\000o\000n\000\040\000a\000n\000d\000\040\000M\000o\000d\000e\000l\000s}{section.2.4}% 40
\BOOKMARK [2][-]{subsection.2.4.2}{\376\377\0002\000.\0004\000.\0002\000\040\000E\000-\000G\000o\000v\000e\000r\000n\000m\000e\000n\000t\000\040\000i\000n\000\040\000E\000t\000h\000i\000o\000p\000i\000a}{section.2.4}% 41
\BOOKMARK [2][-]{subsection.2.4.3}{\376\377\0002\000.\0004\000.\0003\000\040\000O\000n\000e\000-\000S\000t\000o\000p\000\040\000S\000e\000r\000v\000i\000c\000e\000\040\000D\000e\000l\000i\000v\000e\000r\000y\000\040\000M\000o\000d\000e\000l\000s}{section.2.4}% 42
\BOOKMARK [1][-]{section.2.5}{\376\377\0002\000.\0005\000\040\000O\000f\000f\000l\000i\000n\000e\000-\000F\000i\000r\000s\000t\000\040\000A\000r\000c\000h\000i\000t\000e\000c\000t\000u\000r\000e\000\040\000a\000n\000d\000\040\000P\000W\000A\000\040\000T\000e\000c\000h\000n\000o\000l\000o\000g\000i\000e\000s}{chapter.2}% 43
\BOOKMARK [2][-]{subsection.2.5.1}{\376\377\0002\000.\0005\000.\0001\000\040\000L\000o\000c\000a\000l\000-\000F\000i\000r\000s\000t\000\040\000S\000o\000f\000t\000w\000a\000r\000e\000\040\000P\000r\000i\000n\000c\000i\000p\000l\000e\000s}{section.2.5}% 44
\BOOKMARK [2][-]{subsection.2.5.2}{\376\377\0002\000.\0005\000.\0002\000\040\000P\000r\000o\000g\000r\000e\000s\000s\000i\000v\000e\000\040\000W\000e\000b\000\040\000A\000p\000p\000l\000i\000c\000a\000t\000i\000o\000n\000\040\000T\000e\000c\000h\000n\000o\000l\000o\000g\000i\000e\000s}{section.2.5}% 45
\BOOKMARK [2][-]{subsection.2.5.3}{\376\377\0002\000.\0005\000.\0003\000\040\000S\000e\000r\000v\000i\000c\000e\000\040\000W\000o\000r\000k\000e\000r\000s\000\040\000a\000n\000d\000\040\000C\000a\000c\000h\000i\000n\000g\000\040\000S\000t\000r\000a\000t\000e\000g\000i\000e\000s}{section.2.5}% 46
\BOOKMARK [2][-]{subsection.2.5.4}{\376\377\0002\000.\0005\000.\0004\000\040\000I\000n\000d\000e\000x\000e\000d\000D\000B\000\040\000a\000n\000d\000\040\000C\000l\000i\000e\000n\000t\000-\000S\000i\000d\000e\000\040\000D\000a\000t\000a\000\040\000P\000e\000r\000s\000i\000s\000t\000e\000n\000c\000e}{section.2.5}% 47
\BOOKMARK [2][-]{subsection.2.5.5}{\376\377\0002\000.\0005\000.\0005\000\040\000F\000i\000r\000e\000b\000a\000s\000e\000\040\000O\000f\000f\000l\000i\000n\000e\000\040\000P\000e\000r\000s\000i\000s\000t\000e\000n\000c\000e}{section.2.5}% 48
\BOOKMARK [1][-]{section.2.6}{\376\377\0002\000.\0006\000\040\000I\000C\000T\0004\000D\000\040\000a\000n\000d\000\040\000C\000o\000n\000n\000e\000c\000t\000i\000v\000i\000t\000y\000\040\000C\000o\000n\000s\000t\000r\000a\000i\000n\000t\000s}{chapter.2}% 49
\BOOKMARK [2][-]{subsection.2.6.1}{\376\377\0002\000.\0006\000.\0001\000\040\000I\000C\000T\000\040\000f\000o\000r\000\040\000D\000e\000v\000e\000l\000o\000p\000m\000e\000n\000t\000\040\000F\000r\000a\000m\000e\000w\000o\000r\000k\000s}{section.2.6}% 50
\BOOKMARK [2][-]{subsection.2.6.2}{\376\377\0002\000.\0006\000.\0002\000\040\000C\000o\000n\000n\000e\000c\000t\000i\000v\000i\000t\000y\000\040\000C\000h\000a\000l\000l\000e\000n\000g\000e\000s\000\040\000i\000n\000\040\000D\000e\000v\000e\000l\000o\000p\000i\000n\000g\000\040\000R\000e\000g\000i\000o\000n\000s}{section.2.6}% 51
\BOOKMARK [2][-]{subsection.2.6.3}{\376\377\0002\000.\0006\000.\0003\000\040\000M\000o\000b\000i\000l\000e\000-\000F\000i\000r\000s\000t\000\040\000a\000n\000d\000\040\000O\000f\000f\000l\000i\000n\000e\000-\000F\000i\000r\000s\000t\000\040\000i\000n\000\040\000D\000e\000v\000e\000l\000o\000p\000m\000e\000n\000t\000\040\000C\000o\000n\000t\000e\000x\000t\000s}{section.2.6}% 52
\BOOKMARK [1][-]{section.2.7}{\376\377\0002\000.\0007\000\040\000T\000e\000c\000h\000n\000o\000l\000o\000g\000y\000\040\000A\000d\000a\000p\000t\000a\000t\000i\000o\000n\000\040\000F\000r\000a\000m\000e\000w\000o\000r\000k\000s}{chapter.2}% 53
\BOOKMARK [1][-]{section.2.8}{\376\377\0002\000.\0008\000\040\000E\000t\000h\000i\000o\000p\000i\000a\000n\000\040\000I\000n\000d\000u\000s\000t\000r\000i\000a\000l\000\040\000P\000a\000r\000k\000s\000\040\000C\000o\000n\000t\000e\000x\000t}{chapter.2}% 54
\BOOKMARK [2][-]{subsection.2.8.1}{\376\377\0002\000.\0008\000.\0001\000\040\000I\000n\000d\000u\000s\000t\000r\000i\000a\000l\000\040\000P\000a\000r\000k\000s\000\040\000D\000e\000v\000e\000l\000o\000p\000m\000e\000n\000t\000\040\000C\000o\000r\000p\000o\000r\000a\000t\000i\000o\000n\000\040\000\050\000I\000P\000D\000C\000\051}{section.2.8}% 55
\BOOKMARK [2][-]{subsection.2.8.2}{\376\377\0002\000.\0008\000.\0002\000\040\000C\000u\000r\000r\000e\000n\000t\000\040\000S\000e\000r\000v\000i\000c\000e\000\040\000D\000e\000l\000i\000v\000e\000r\000y\000\040\000C\000h\000a\000l\000l\000e\000n\000g\000e\000s}{section.2.8}% 56
\BOOKMARK [2][-]{subsection.2.8.3}{\376\377\0002\000.\0008\000.\0003\000\040\000I\000n\000f\000r\000a\000s\000t\000r\000u\000c\000t\000u\000r\000e\000\040\000a\000n\000d\000\040\000C\000o\000n\000n\000e\000c\000t\000i\000v\000i\000t\000y\000\040\000C\000o\000n\000t\000e\000x\000t}{section.2.8}% 57
\BOOKMARK [2][-]{subsection.2.8.4}{\376\377\0002\000.\0008\000.\0004\000\040\000C\000h\000i\000n\000a\000-\000E\000t\000h\000i\000o\000p\000i\000a\000\040\000I\000n\000d\000u\000s\000t\000r\000i\000a\000l\000\040\000P\000a\000r\000k\000\040\000R\000e\000l\000a\000t\000i\000o\000n\000s\000h\000i\000p\000s}{section.2.8}% 58
\BOOKMARK [1][-]{section.2.9}{\376\377\0002\000.\0009\000\040\000D\000e\000s\000i\000g\000n\000\040\000S\000c\000i\000e\000n\000c\000e\000\040\000R\000e\000s\000e\000a\000r\000c\000h\000\040\000M\000e\000t\000h\000o\000d\000o\000l\000o\000g\000y}{chapter.2}% 59
\BOOKMARK [2][-]{subsection.2.9.1}{\376\377\0002\000.\0009\000.\0001\000\040\000D\000S\000R\000\040\000P\000a\000r\000a\000d\000i\000g\000m\000\040\000a\000n\000d\000\040\000P\000r\000i\000n\000c\000i\000p\000l\000e\000s}{section.2.9}% 60
\BOOKMARK [2][-]{subsection.2.9.2}{\376\377\0002\000.\0009\000.\0002\000\040\000D\000S\000R\000M\000\040\000P\000r\000o\000c\000e\000s\000s\000\040\000a\000n\000d\000\040\000A\000r\000t\000i\000f\000a\000c\000t\000\040\000T\000y\000p\000e\000s}{section.2.9}% 61
\BOOKMARK [1][-]{section.2.10}{\376\377\0002\000.\0001\0000\000\040\000R\000e\000l\000a\000t\000e\000d\000\040\000W\000o\000r\000k\000s\000\040\000a\000n\000d\000\040\000C\000o\000m\000p\000a\000r\000a\000t\000i\000v\000e\000\040\000A\000n\000a\000l\000y\000s\000i\000s}{chapter.2}% 62
\BOOKMARK [2][-]{subsection.2.10.1}{\376\377\0002\000.\0001\0000\000.\0001\000\040\000S\000m\000a\000r\000t\000\040\000P\000a\000r\000k\000\040\000I\000m\000p\000l\000e\000m\000e\000n\000t\000a\000t\000i\000o\000n\000s}{section.2.10}% 63
\BOOKMARK [2][-]{subsection.2.10.2}{\376\377\0002\000.\0001\0000\000.\0002\000\040\000O\000f\000f\000l\000i\000n\000e\000-\000F\000i\000r\000s\000t\000\040\000a\000n\000d\000\040\000P\000W\000A\000\040\000A\000p\000p\000l\000i\000c\000a\000t\000i\000o\000n\000s}{section.2.10}% 64
\BOOKMARK [2][-]{subsection.2.10.3}{\376\377\0002\000.\0001\0000\000.\0003\000\040\000E\000-\000G\000o\000v\000e\000r\000n\000m\000e\000n\000t\000\040\000i\000n\000\040\000E\000t\000h\000i\000o\000p\000i\000a\000n\000\040\000C\000o\000n\000t\000e\000x\000t}{section.2.10}% 65
\BOOKMARK [1][-]{section.2.11}{\376\377\0002\000.\0001\0001\000\040\000R\000e\000s\000e\000a\000r\000c\000h\000\040\000G\000a\000p\000\040\000A\000n\000a\000l\000y\000s\000i\000s}{chapter.2}% 66
\BOOKMARK [2][-]{subsection.2.11.1}{\376\377\0002\000.\0001\0001\000.\0001\000\040\000I\000d\000e\000n\000t\000i\000f\000i\000e\000d\000\040\000G\000a\000p\000s}{section.2.11}% 67
\BOOKMARK [1][-]{section.2.12}{\376\377\0002\000.\0001\0002\000\040\000C\000o\000n\000c\000e\000p\000t\000u\000a\000l\000\040\000F\000r\000a\000m\000e\000w\000o\000r\000k}{chapter.2}% 68
\BOOKMARK [0][-]{chapter.3}{\376\377\000C\000h\000a\000p\000t\000e\000r\000\040\0003\000\040\000R\000e\000s\000e\000a\000r\000c\000h\000\040\000M\000e\000t\000h\000o\000d\000o\000l\000o\000g\000y}{}% 69
\BOOKMARK [1][-]{section.3.1}{\376\377\0003\000.\0001\000\040\000I\000n\000t\000r\000o\000d\000u\000c\000t\000i\000o\000n}{chapter.3}% 70
\BOOKMARK [1][-]{section.3.2}{\376\377\0003\000.\0002\000\040\000R\000e\000s\000e\000a\000r\000c\000h\000\040\000P\000a\000r\000a\000d\000i\000g\000m\000:\000\040\000D\000e\000s\000i\000g\000n\000\040\000S\000c\000i\000e\000n\000c\000e\000\040\000R\000e\000s\000e\000a\000r\000c\000h}{chapter.3}% 71
\BOOKMARK [2][-]{subsection.3.2.1}{\376\377\0003\000.\0002\000.\0001\000\040\000J\000u\000s\000t\000i\000f\000i\000c\000a\000t\000i\000o\000n\000\040\000o\000f\000\040\000t\000h\000e\000\040\000D\000S\000R\000\040\000A\000p\000p\000r\000o\000a\000c\000h}{section.3.2}% 72
\BOOKMARK [2][-]{subsection.3.2.2}{\376\377\0003\000.\0002\000.\0002\000\040\000D\000S\000R\000M\000\040\000P\000r\000o\000c\000e\000s\000s\000\040\000M\000o\000d\000e\000l\000\040\000A\000p\000p\000l\000i\000c\000a\000t\000i\000o\000n}{section.3.2}% 73
\BOOKMARK [1][-]{section.3.3}{\376\377\0003\000.\0003\000\040\000R\000e\000s\000e\000a\000r\000c\000h\000\040\000D\000e\000s\000i\000g\000n\000\040\000O\000v\000e\000r\000v\000i\000e\000w}{chapter.3}% 74
\BOOKMARK [1][-]{section.3.4}{\376\377\0003\000.\0004\000\040\000D\000a\000t\000a\000\040\000C\000o\000l\000l\000e\000c\000t\000i\000o\000n\000\040\000M\000e\000t\000h\000o\000d\000s}{chapter.3}% 75
\BOOKMARK [2][-]{subsection.3.4.1}{\376\377\0003\000.\0004\000.\0001\000\040\000S\000t\000a\000k\000e\000h\000o\000l\000d\000e\000r\000\040\000R\000e\000q\000u\000i\000r\000e\000m\000e\000n\000t\000s\000\040\000Q\000u\000e\000s\000t\000i\000o\000n\000n\000a\000i\000r\000e}{section.3.4}% 76
\BOOKMARK [2][-]{subsection.3.4.2}{\376\377\0003\000.\0004\000.\0002\000\040\000D\000o\000c\000u\000m\000e\000n\000t\000\040\000A\000n\000a\000l\000y\000s\000i\000s}{section.3.4}% 77
\BOOKMARK [2][-]{subsection.3.4.3}{\376\377\0003\000.\0004\000.\0003\000\040\000P\000l\000a\000t\000f\000o\000r\000m\000\040\000A\000n\000a\000l\000y\000s\000i\000s\000:\000\040\000W\000e\000C\000h\000a\000t\000\040\000W\000o\000r\000k\000\040\000a\000n\000d\000\040\000D\000i\000n\000g\000T\000a\000l\000k}{section.3.4}% 78
\BOOKMARK [2][-]{subsection.3.4.4}{\376\377\0003\000.\0004\000.\0004\000\040\000C\000o\000n\000t\000e\000x\000t\000u\000a\000l\000\040\000I\000n\000s\000i\000g\000h\000t\000s\000\040\000f\000r\000o\000m\000\040\000O\000p\000e\000n\000-\000E\000n\000d\000e\000d\000\040\000R\000e\000s\000p\000o\000n\000s\000e\000s}{section.3.4}% 79
\BOOKMARK [1][-]{section.3.5}{\376\377\0003\000.\0005\000\040\000S\000y\000s\000t\000e\000m\000\040\000D\000e\000v\000e\000l\000o\000p\000m\000e\000n\000t\000\040\000M\000e\000t\000h\000o\000d\000o\000l\000o\000g\000y}{chapter.3}% 80
\BOOKMARK [2][-]{subsection.3.5.1}{\376\377\0003\000.\0005\000.\0001\000\040\000A\000g\000i\000l\000e\000-\000I\000n\000s\000p\000i\000r\000e\000d\000\040\000I\000t\000e\000r\000a\000t\000i\000v\000e\000\040\000D\000e\000v\000e\000l\000o\000p\000m\000e\000n\000t}{section.3.5}% 81
\BOOKMARK [2][-]{subsection.3.5.2}{\376\377\0003\000.\0005\000.\0002\000\040\000T\000e\000c\000h\000n\000o\000l\000o\000g\000y\000\040\000S\000e\000l\000e\000c\000t\000i\000o\000n\000\040\000R\000a\000t\000i\000o\000n\000a\000l\000e}{section.3.5}% 82
\BOOKMARK [2][-]{subsection.3.5.3}{\376\377\0003\000.\0005\000.\0003\000\040\000D\000e\000v\000e\000l\000o\000p\000m\000e\000n\000t\000\040\000T\000o\000o\000l\000s\000\040\000a\000n\000d\000\040\000E\000n\000v\000i\000r\000o\000n\000m\000e\000n\000t}{section.3.5}% 83
\BOOKMARK [1][-]{section.3.6}{\376\377\0003\000.\0006\000\040\000E\000v\000a\000l\000u\000a\000t\000i\000o\000n\000\040\000F\000r\000a\000m\000e\000w\000o\000r\000k}{chapter.3}% 84
\BOOKMARK [2][-]{subsection.3.6.1}{\376\377\0003\000.\0006\000.\0001\000\040\000T\000e\000c\000h\000n\000i\000c\000a\000l\000\040\000E\000v\000a\000l\000u\000a\000t\000i\000o\000n}{section.3.6}% 85
\BOOKMARK [2][-]{subsection.3.6.2}{\376\377\0003\000.\0006\000.\0002\000\040\000U\000s\000a\000b\000i\000l\000i\000t\000y\000\040\000E\000v\000a\000l\000u\000a\000t\000i\000o\000n}{section.3.6}% 86
\BOOKMARK [2][-]{subsection.3.6.3}{\376\377\0003\000.\0006\000.\0003\000\040\000D\000S\000R\000\040\000G\000u\000i\000d\000e\000l\000i\000n\000e\000s\000\040\000C\000o\000m\000p\000l\000i\000a\000n\000c\000e}{section.3.6}% 87
\BOOKMARK [1][-]{section.3.7}{\376\377\0003\000.\0007\000\040\000E\000t\000h\000i\000c\000a\000l\000\040\000C\000o\000n\000s\000i\000d\000e\000r\000a\000t\000i\000o\000n\000s}{chapter.3}% 88
\BOOKMARK [0][-]{chapter.4}{\376\377\000C\000h\000a\000p\000t\000e\000r\000\040\0004\000\040\000S\000y\000s\000t\000e\000m\000\040\000A\000n\000a\000l\000y\000s\000i\000s\000\040\000a\000n\000d\000\040\000D\000e\000s\000i\000g\000n}{}% 89
\BOOKMARK [1][-]{section.4.1}{\376\377\0004\000.\0001\000\040\000I\000n\000t\000r\000o\000d\000u\000c\000t\000i\000o\000n}{chapter.4}% 90
\BOOKMARK [1][-]{section.4.2}{\376\377\0004\000.\0002\000\040\000R\000e\000q\000u\000i\000r\000e\000m\000e\000n\000t\000s\000\040\000A\000n\000a\000l\000y\000s\000i\000s}{chapter.4}% 91
\BOOKMARK [2][-]{subsection.4.2.1}{\376\377\0004\000.\0002\000.\0001\000\040\000S\000t\000a\000k\000e\000h\000o\000l\000d\000e\000r\000\040\000I\000d\000e\000n\000t\000i\000f\000i\000c\000a\000t\000i\000o\000n\000\040\000a\000n\000d\000\040\000A\000n\000a\000l\000y\000s\000i\000s}{section.4.2}% 92
\BOOKMARK [2][-]{subsection.4.2.2}{\376\377\0004\000.\0002\000.\0002\000\040\000F\000u\000n\000c\000t\000i\000o\000n\000a\000l\000\040\000R\000e\000q\000u\000i\000r\000e\000m\000e\000n\000t\000s}{section.4.2}% 93
\BOOKMARK [2][-]{subsection.4.2.3}{\376\377\0004\000.\0002\000.\0003\000\040\000N\000o\000n\000-\000F\000u\000n\000c\000t\000i\000o\000n\000a\000l\000\040\000R\000e\000q\000u\000i\000r\000e\000m\000e\000n\000t\000s}{section.4.2}% 94
\BOOKMARK [2][-]{subsection.4.2.4}{\376\377\0004\000.\0002\000.\0004\000\040\000M\000o\000S\000C\000o\000W\000\040\000P\000r\000i\000o\000r\000i\000t\000i\000z\000a\000t\000i\000o\000n}{section.4.2}% 95
\BOOKMARK [1][-]{section.4.3}{\376\377\0004\000.\0003\000\040\000C\000h\000i\000n\000a\000-\000t\000o\000-\000E\000t\000h\000i\000o\000p\000i\000a\000\040\000T\000e\000c\000h\000n\000o\000l\000o\000g\000y\000\040\000A\000d\000a\000p\000t\000a\000t\000i\000o\000n\000\040\000F\000r\000a\000m\000e\000w\000o\000r\000k}{chapter.4}% 96
\BOOKMARK [2][-]{subsection.4.3.1}{\376\377\0004\000.\0003\000.\0001\000\040\000C\000h\000i\000n\000e\000s\000e\000\040\000S\000m\000a\000r\000t\000\040\000P\000a\000r\000k\000\040\000F\000e\000a\000t\000u\000r\000e\000\040\000A\000n\000a\000l\000y\000s\000i\000s}{section.4.3}% 97
\BOOKMARK [2][-]{subsection.4.3.2}{\376\377\0004\000.\0003\000.\0002\000\040\000A\000d\000a\000p\000t\000a\000t\000i\000o\000n\000\040\000D\000i\000m\000e\000n\000s\000i\000o\000n\000s}{section.4.3}% 98
\BOOKMARK [2][-]{subsection.4.3.3}{\376\377\0004\000.\0003\000.\0003\000\040\000F\000e\000a\000t\000u\000r\000e\000\040\000M\000a\000p\000p\000i\000n\000g\000\040\000a\000n\000d\000\040\000M\000o\000d\000i\000f\000i\000c\000a\000t\000i\000o\000n\000\040\000M\000a\000t\000r\000i\000x}{section.4.3}% 99
\BOOKMARK [2][-]{subsection.4.3.4}{\376\377\0004\000.\0003\000.\0004\000\040\000O\000f\000f\000l\000i\000n\000e\000-\000F\000i\000r\000s\000t\000\040\000A\000d\000a\000p\000t\000a\000t\000i\000o\000n\000\040\000S\000t\000r\000a\000t\000e\000g\000y}{section.4.3}% 100
\BOOKMARK [1][-]{section.4.4}{\376\377\0004\000.\0004\000\040\000S\000y\000s\000t\000e\000m\000\040\000A\000r\000c\000h\000i\000t\000e\000c\000t\000u\000r\000e}{chapter.4}% 101
\BOOKMARK [2][-]{subsection.4.4.1}{\376\377\0004\000.\0004\000.\0001\000\040\000H\000i\000g\000h\000-\000L\000e\000v\000e\000l\000\040\000A\000r\000c\000h\000i\000t\000e\000c\000t\000u\000r\000e\000\040\000O\000v\000e\000r\000v\000i\000e\000w}{section.4.4}% 102
\BOOKMARK [2][-]{subsection.4.4.2}{\376\377\0004\000.\0004\000.\0002\000\040\000O\000f\000f\000l\000i\000n\000e\000-\000F\000i\000r\000s\000t\000\040\000A\000r\000c\000h\000i\000t\000e\000c\000t\000u\000r\000e\000\040\000D\000e\000s\000i\000g\000n}{section.4.4}% 103
\BOOKMARK [2][-]{subsection.4.4.3}{\376\377\0004\000.\0004\000.\0003\000\040\000P\000W\000A\000\040\000A\000r\000c\000h\000i\000t\000e\000c\000t\000u\000r\000e}{section.4.4}% 104
\BOOKMARK [2][-]{subsection.4.4.4}{\376\377\0004\000.\0004\000.\0004\000\040\000A\000u\000t\000h\000e\000n\000t\000i\000c\000a\000t\000i\000o\000n\000\040\000A\000r\000c\000h\000i\000t\000e\000c\000t\000u\000r\000e}{section.4.4}% 105
\BOOKMARK [2][-]{subsection.4.4.5}{\376\377\0004\000.\0004\000.\0005\000\040\000A\000I\000\040\000I\000n\000t\000e\000g\000r\000a\000t\000i\000o\000n\000\040\000A\000r\000c\000h\000i\000t\000e\000c\000t\000u\000r\000e}{section.4.4}% 106
\BOOKMARK [1][-]{section.4.5}{\376\377\0004\000.\0005\000\040\000D\000a\000t\000a\000b\000a\000s\000e\000\040\000D\000e\000s\000i\000g\000n}{chapter.4}% 107
\BOOKMARK [2][-]{subsection.4.5.1}{\376\377\0004\000.\0005\000.\0001\000\040\000F\000i\000r\000e\000s\000t\000o\000r\000e\000\040\000C\000o\000l\000l\000e\000c\000t\000i\000o\000n\000s\000\040\000S\000c\000h\000e\000m\000a}{section.4.5}% 108
\BOOKMARK [2][-]{subsection.4.5.2}{\376\377\0004\000.\0005\000.\0002\000\040\000I\000n\000d\000e\000x\000e\000d\000D\000B\000\040\000S\000c\000h\000e\000m\000a\000\040\000\050\000D\000e\000x\000i\000e\000.\000j\000s\000\051}{section.4.5}% 109
\BOOKMARK [1][-]{section.4.6}{\376\377\0004\000.\0006\000\040\000U\000s\000e\000r\000\040\000I\000n\000t\000e\000r\000f\000a\000c\000e\000\040\000D\000e\000s\000i\000g\000n}{chapter.4}% 110
\BOOKMARK [0][-]{chapter.5}{\376\377\000C\000h\000a\000p\000t\000e\000r\000\040\0005\000\040\000I\000m\000p\000l\000e\000m\000e\000n\000t\000a\000t\000i\000o\000n\000\040\000a\000n\000d\000\040\000E\000v\000a\000l\000u\000a\000t\000i\000o\000n}{}% 111
\BOOKMARK [1][-]{section.5.1}{\376\377\0005\000.\0001\000\040\000I\000n\000t\000r\000o\000d\000u\000c\000t\000i\000o\000n}{chapter.5}% 112
\BOOKMARK [1][-]{section.5.2}{\376\377\0005\000.\0002\000\040\000D\000e\000v\000e\000l\000o\000p\000m\000e\000n\000t\000\040\000E\000n\000v\000i\000r\000o\000n\000m\000e\000n\000t\000\040\000a\000n\000d\000\040\000T\000o\000o\000l\000s}{chapter.5}% 113
\BOOKMARK [2][-]{subsection.5.2.1}{\376\377\0005\000.\0002\000.\0001\000\040\000D\000e\000v\000e\000l\000o\000p\000m\000e\000n\000t\000\040\000S\000e\000t\000u\000p}{section.5.2}% 114
\BOOKMARK [2][-]{subsection.5.2.2}{\376\377\0005\000.\0002\000.\0002\000\040\000P\000r\000o\000j\000e\000c\000t\000\040\000S\000t\000r\000u\000c\000t\000u\000r\000e}{section.5.2}% 115
\BOOKMARK [2][-]{subsection.5.2.3}{\376\377\0005\000.\0002\000.\0003\000\040\000B\000u\000i\000l\000d\000\040\000a\000n\000d\000\040\000D\000e\000p\000l\000o\000y\000m\000e\000n\000t\000\040\000C\000o\000n\000f\000i\000g\000u\000r\000a\000t\000i\000o\000n}{section.5.2}% 116
\BOOKMARK [1][-]{section.5.3}{\376\377\0005\000.\0003\000\040\000K\000e\000y\000\040\000F\000e\000a\000t\000u\000r\000e\000\040\000I\000m\000p\000l\000e\000m\000e\000n\000t\000a\000t\000i\000o\000n}{chapter.5}% 117
\BOOKMARK [2][-]{subsection.5.3.1}{\376\377\0005\000.\0003\000.\0001\000\040\000O\000f\000f\000l\000i\000n\000e\000-\000F\000i\000r\000s\000t\000\040\000A\000r\000c\000h\000i\000t\000e\000c\000t\000u\000r\000e\000\040\000I\000m\000p\000l\000e\000m\000e\000n\000t\000a\000t\000i\000o\000n}{section.5.3}% 118
\BOOKMARK [2][-]{subsection.5.3.2}{\376\377\0005\000.\0003\000.\0002\000\040\000A\000u\000t\000h\000e\000n\000t\000i\000c\000a\000t\000i\000o\000n\000\040\000w\000i\000t\000h\000\040\000O\000f\000f\000l\000i\000n\000e\000\040\000F\000a\000l\000l\000b\000a\000c\000k}{section.5.3}% 119
\BOOKMARK [2][-]{subsection.5.3.3}{\376\377\0005\000.\0003\000.\0003\000\040\000S\000e\000r\000v\000i\000c\000e\000\040\000R\000e\000q\000u\000e\000s\000t\000\040\000M\000a\000n\000a\000g\000e\000m\000e\000n\000t}{section.5.3}% 120
\BOOKMARK [2][-]{subsection.5.3.4}{\376\377\0005\000.\0003\000.\0004\000\040\000D\000i\000g\000i\000t\000a\000l\000\040\000S\000e\000r\000v\000i\000c\000e\000\040\000T\000o\000k\000e\000n\000\040\000S\000y\000s\000t\000e\000m}{section.5.3}% 121
\BOOKMARK [2][-]{subsection.5.3.5}{\376\377\0005\000.\0003\000.\0005\000\040\000A\000I\000\040\000M\000o\000d\000e\000l\000\040\000I\000n\000t\000e\000g\000r\000a\000t\000i\000o\000n}{section.5.3}% 122
\BOOKMARK [2][-]{subsection.5.3.6}{\376\377\0005\000.\0003\000.\0006\000\040\000C\000o\000m\000p\000l\000a\000i\000n\000t\000\040\000M\000a\000n\000a\000g\000e\000m\000e\000n\000t\000\040\000S\000y\000s\000t\000e\000m}{section.5.3}% 123
\BOOKMARK [2][-]{subsection.5.3.7}{\376\377\0005\000.\0003\000.\0007\000\040\000A\000n\000n\000o\000u\000n\000c\000e\000m\000e\000n\000t\000\040\000S\000y\000s\000t\000e\000m}{section.5.3}% 124
\BOOKMARK [2][-]{subsection.5.3.8}{\376\377\0005\000.\0003\000.\0008\000\040\000I\000n\000t\000e\000r\000a\000c\000t\000i\000v\000e\000\040\000P\000a\000r\000k\000\040\000M\000a\000p}{section.5.3}% 125
\BOOKMARK [2][-]{subsection.5.3.9}{\376\377\0005\000.\0003\000.\0009\000\040\000A\000d\000m\000i\000n\000i\000s\000t\000r\000a\000t\000i\000v\000e\000\040\000D\000a\000s\000h\000b\000o\000a\000r\000d}{section.5.3}% 126
\BOOKMARK [1][-]{section.5.4}{\376\377\0005\000.\0004\000\040\000A\000I\000\040\000M\000o\000d\000e\000l\000\040\000T\000r\000a\000i\000n\000i\000n\000g\000\040\000a\000n\000d\000\040\000E\000v\000a\000l\000u\000a\000t\000i\000o\000n}{chapter.5}% 127
\BOOKMARK [2][-]{subsection.5.4.1}{\376\377\0005\000.\0004\000.\0001\000\040\000D\000a\000t\000a\000s\000e\000t\000s\000\040\000a\000n\000d\000\040\000A\000r\000c\000h\000i\000t\000e\000c\000t\000u\000r\000e\000s}{section.5.4}% 128
\BOOKMARK [2][-]{subsection.5.4.2}{\376\377\0005\000.\0004\000.\0002\000\040\000R\000e\000s\000u\000l\000t\000s\000\040\000a\000n\000d\000\040\000B\000e\000n\000c\000h\000m\000a\000r\000k\000\040\000C\000o\000m\000p\000a\000r\000i\000s\000o\000n}{section.5.4}% 129
\BOOKMARK [1][-]{section.5.5}{\376\377\0005\000.\0005\000\040\000P\000W\000A\000\040\000I\000m\000p\000l\000e\000m\000e\000n\000t\000a\000t\000i\000o\000n\000\040\000D\000e\000t\000a\000i\000l\000s}{chapter.5}% 130
\BOOKMARK [1][-]{section.5.6}{\376\377\0005\000.\0006\000\040\000R\000e\000s\000p\000o\000n\000s\000i\000v\000e\000\040\000D\000e\000s\000i\000g\000n\000\040\000A\000c\000r\000o\000s\000s\000\040\000D\000e\000v\000i\000c\000e\000s}{chapter.5}% 131
\BOOKMARK [1][-]{section.5.7}{\376\377\0005\000.\0007\000\040\000P\000r\000o\000t\000o\000t\000y\000p\000e\000\040\000D\000e\000m\000o\000n\000s\000t\000r\000a\000t\000i\000o\000n}{chapter.5}% 132
\BOOKMARK [2][-]{subsection.5.7.1}{\376\377\0005\000.\0007\000.\0001\000\040\000T\000e\000n\000a\000n\000t\000\040\000W\000o\000r\000k\000f\000l\000o\000w}{section.5.7}% 133
\BOOKMARK [2][-]{subsection.5.7.2}{\376\377\0005\000.\0007\000.\0002\000\040\000A\000d\000m\000i\000n\000\040\000W\000o\000r\000k\000f\000l\000o\000w}{section.5.7}% 134
\BOOKMARK [2][-]{subsection.5.7.3}{\376\377\0005\000.\0007\000.\0003\000\040\000O\000f\000f\000l\000i\000n\000e\000\040\000O\000p\000e\000r\000a\000t\000i\000o\000n\000\040\000D\000e\000m\000o\000n\000s\000t\000r\000a\000t\000i\000o\000n}{section.5.7}% 135
\BOOKMARK [1][-]{section.5.8}{\376\377\0005\000.\0008\000\040\000E\000v\000a\000l\000u\000a\000t\000i\000o\000n\000\040\000R\000e\000s\000u\000l\000t\000s}{chapter.5}% 136
\BOOKMARK [2][-]{subsection.5.8.1}{\376\377\0005\000.\0008\000.\0001\000\040\000T\000e\000c\000h\000n\000i\000c\000a\000l\000\040\000E\000v\000a\000l\000u\000a\000t\000i\000o\000n}{section.5.8}% 137
\BOOKMARK [2][-]{subsection.5.8.2}{\376\377\0005\000.\0008\000.\0002\000\040\000U\000s\000a\000b\000i\000l\000i\000t\000y\000\040\000E\000v\000a\000l\000u\000a\000t\000i\000o\000n}{section.5.8}% 138
\BOOKMARK [2][-]{subsection.5.8.3}{\376\377\0005\000.\0008\000.\0003\000\040\000D\000S\000R\000\040\000G\000u\000i\000d\000e\000l\000i\000n\000e\000s\000\040\000C\000o\000m\000p\000l\000i\000a\000n\000c\000e\000\040\000A\000s\000s\000e\000s\000s\000m\000e\000n\000t}{section.5.8}% 139
\BOOKMARK [0][-]{chapter.6}{\376\377\000C\000h\000a\000p\000t\000e\000r\000\040\0006\000\040\000C\000o\000n\000c\000l\000u\000s\000i\000o\000n\000s\000\040\000a\000n\000d\000\040\000R\000e\000c\000o\000m\000m\000e\000n\000d\000a\000t\000i\000o\000n\000s}{}% 140
\BOOKMARK [1][-]{section.6.1}{\376\377\0006\000.\0001\000\040\000I\000n\000t\000r\000o\000d\000u\000c\000t\000i\000o\000n}{chapter.6}% 141
\BOOKMARK [1][-]{section.6.2}{\376\377\0006\000.\0002\000\040\000S\000u\000m\000m\000a\000r\000y\000\040\000o\000f\000\040\000F\000i\000n\000d\000i\000n\000g\000s}{chapter.6}% 142
\BOOKMARK [2][-]{subsection.6.2.1}{\376\377\0006\000.\0002\000.\0001\000\040\000R\000Q\0001\000:\000\040\000H\000o\000w\000\040\000C\000a\000n\000\040\000C\000h\000i\000n\000e\000s\000e\000\040\000S\000m\000a\000r\000t\000\040\000I\000n\000d\000u\000s\000t\000r\000i\000a\000l\000\040\000P\000a\000r\000k\000\040\000M\000o\000d\000e\000l\000s\000\040\000B\000e\000\040\000A\000d\000a\000p\000t\000e\000d\000\040\000f\000o\000r\000\040\000E\000t\000h\000i\000o\000p\000i\000a\000n\000\040\000I\000n\000d\000u\000s\000t\000r\000i\000a\000l\000\040\000P\000a\000r\000k\000s\000?}{section.6.2}% 143
\BOOKMARK [2][-]{subsection.6.2.2}{\376\377\0006\000.\0002\000.\0002\000\040\000R\000Q\0002\000:\000\040\000W\000h\000a\000t\000\040\000A\000r\000c\000h\000i\000t\000e\000c\000t\000u\000r\000e\000\040\000E\000n\000a\000b\000l\000e\000s\000\040\000R\000e\000l\000i\000a\000b\000l\000e\000\040\000S\000e\000r\000v\000i\000c\000e\000\040\000D\000e\000l\000i\000v\000e\000r\000y\000\040\000D\000u\000r\000i\000n\000g\000\040\000C\000o\000n\000n\000e\000c\000t\000i\000v\000i\000t\000y\000\040\000D\000i\000s\000r\000u\000p\000t\000i\000o\000n\000s\000?}{section.6.2}% 144
\BOOKMARK [2][-]{subsection.6.2.3}{\376\377\0006\000.\0002\000.\0003\000\040\000R\000Q\0003\000:\000\040\000H\000o\000w\000\040\000E\000f\000f\000e\000c\000t\000i\000v\000e\000\040\000I\000s\000\040\000t\000h\000e\000\040\000R\000e\000s\000u\000l\000t\000i\000n\000g\000\040\000P\000l\000a\000t\000f\000o\000r\000m\000\040\000i\000n\000\040\000T\000e\000r\000m\000s\000\040\000o\000f\000\040\000F\000u\000n\000c\000t\000i\000o\000n\000a\000l\000i\000t\000y\000\040\000a\000n\000d\000\040\000U\000s\000a\000b\000i\000l\000i\000t\000y\000?}{section.6.2}% 145
\BOOKMARK [1][-]{section.6.3}{\376\377\0006\000.\0003\000\040\000D\000e\000s\000i\000g\000n\000\040\000P\000r\000i\000n\000c\000i\000p\000l\000e\000s}{chapter.6}% 146
\BOOKMARK [1][-]{section.6.4}{\376\377\0006\000.\0004\000\040\000R\000e\000s\000e\000a\000r\000c\000h\000\040\000C\000o\000n\000t\000r\000i\000b\000u\000t\000i\000o\000n\000s}{chapter.6}% 147
\BOOKMARK [2][-]{subsection.6.4.1}{\376\377\0006\000.\0004\000.\0001\000\040\000T\000h\000e\000o\000r\000e\000t\000i\000c\000a\000l\000\040\000C\000o\000n\000t\000r\000i\000b\000u\000t\000i\000o\000n\000s}{section.6.4}% 148
\BOOKMARK [2][-]{subsection.6.4.2}{\376\377\0006\000.\0004\000.\0002\000\040\000P\000r\000a\000c\000t\000i\000c\000a\000l\000\040\000C\000o\000n\000t\000r\000i\000b\000u\000t\000i\000o\000n\000s}{section.6.4}% 149
\BOOKMARK [2][-]{subsection.6.4.3}{\376\377\0006\000.\0004\000.\0003\000\040\000M\000e\000t\000h\000o\000d\000o\000l\000o\000g\000i\000c\000a\000l\000\040\000C\000o\000n\000t\000r\000i\000b\000u\000t\000i\000o\000n\000s}{section.6.4}% 150
\BOOKMARK [1][-]{section.6.5}{\376\377\0006\000.\0005\000\040\000I\000m\000p\000l\000i\000c\000a\000t\000i\000o\000n\000s}{chapter.6}% 151
\BOOKMARK [1][-]{section.6.6}{\376\377\0006\000.\0006\000\040\000L\000i\000m\000i\000t\000a\000t\000i\000o\000n\000s}{chapter.6}% 152
\BOOKMARK [1][-]{section.6.7}{\376\377\0006\000.\0007\000\040\000R\000e\000c\000o\000m\000m\000e\000n\000d\000a\000t\000i\000o\000n\000s\000\040\000f\000o\000r\000\040\000F\000u\000t\000u\000r\000e\000\040\000W\000o\000r\000k}{chapter.6}% 153
\BOOKMARK [1][-]{section.6.8}{\376\377\0006\000.\0008\000\040\000C\000o\000n\000c\000l\000u\000d\000i\000n\000g\000\040\000R\000e\000m\000a\000r\000k\000s}{chapter.6}% 154
\BOOKMARK [0][-]{chapter.app.1}{\376\377\000A\000p\000p\000e\000n\000d\000i\000x\000\040\000S\000t\000a\000k\000e\000h\000o\000l\000d\000e\000r\000\040\000Q\000u\000e\000s\000t\000i\000o\000n\000n\000a\000i\000r\000e\000\040\000I\000n\000s\000t\000r\000u\000m\000e\000n\000t\000s}{}% 155
\BOOKMARK [0][-]{chapter.app.2}{\376\377\000A\000p\000p\000e\000n\000d\000i\000x\000\040\000S\000y\000s\000t\000e\000m\000\040\000U\000s\000a\000b\000i\000l\000i\000t\000y\000\040\000S\000c\000a\000l\000e\000\040\000\050\000S\000U\000S\000\051\000\040\000I\000n\000s\000t\000r\000u\000m\000e\000n\000t\000\040\000a\000n\000d\000\040\000S\000c\000o\000r\000e\000\040\000C\000a\000l\000c\000u\000l\000a\000t\000i\000o\000n}{}% 156
\BOOKMARK [0][-]{section*.8}{\376\377\000R\000e\000f\000e\000r\000e\000n\000c\000e\000s\000\040}{}% 157
\BOOKMARK [0][-]{section*.9}{\376\377\201\364\214\042\000\040}{}% 158
\BOOKMARK [0][-]{section*.10}{\376\377\116\052\116\272\173\200\123\206\000\040}{}% 159
